// Jest Snapshot v1, https://goo.gl/fbAQLP

exports[`rendered the component and match snapshot 1`] = `
Object {
  "asFragment": [Function],
  "baseElement": <body>
    <div>
      <div
        class="timeLine"
      >
        <h2>
          Berlin - Munich
        </h2>
        <ul>
          <li>
            <div
              class="segments"
            >
              <div
                class="time"
              >
                 
                10:50
              </div>
              <div
                class="content"
              >
                <div
                  class="icon"
                >
                  <i
                    class="fas fa-bus"
                  />
                </div>
                <div>
                  <span
                    class="pick-up"
                  >
                    Pick up from
                  </span>
                  <br />
                  <span>
                    Alte Schönhauser Straße 3, 10119 Berlin
                  </span>
                </div>
              </div>
            </div>
          </li>
          <li>
            <div
              class="segments"
            >
              <div
                class="time"
              >
                 
                11:30
              </div>
              <div
                class="content"
              >
                <div
                  class="icon"
                >
                  <i
                    class="fab fa-avianex"
                  />
                </div>
                <div
                  class="desc"
                >
                  <span>
                    TXL
                     
                    AIRPORT
                  </span>
                  <br />
                  <span>
                    Terminal C
                  </span>
                </div>
                <div
                  class="status"
                >
                  <span
                    class="time"
                  >
                    Busy
                  </span>
                </div>
              </div>
            </div>
          </li>
          <li
            class="destination"
          >
            <div
              class="segments"
            >
              <div
                class="time"
              >
                 
                12:30
                 
              </div>
              <div
                class="wrapper"
              >
                <div
                  class="details"
                >
                  <span
                    class="date"
                  >
                    LH2031
                  </span>
                  <span
                    class="boarding"
                  >
                    Boarding 
                    12:00
                  </span>
                </div>
                <div
                  class="content"
                >
                  <span
                    class="src-dest"
                  >
                    TXL
                     
                    <i
                      class="fas fa-plane"
                    />
                     
                    MUC
                  </span>
                </div>
                <div
                  class="details"
                >
                  <span
                    class="date"
                  >
                    Gate : 
                    C12
                  </span>
                  <span
                    class="seat"
                  >
                    Seat : 
                    12C
                  </span>
                  <span
                    class="status"
                  >
                    On Time
                  </span>
                </div>
              </div>
            </div>
          </li>
        </ul>
      </div>
    </div>
  </body>,
  "container": <div>
    <div
      class="timeLine"
    >
      <h2>
        Berlin - Munich
      </h2>
      <ul>
        <li>
          <div
            class="segments"
          >
            <div
              class="time"
            >
               
              10:50
            </div>
            <div
              class="content"
            >
              <div
                class="icon"
              >
                <i
                  class="fas fa-bus"
                />
              </div>
              <div>
                <span
                  class="pick-up"
                >
                  Pick up from
                </span>
                <br />
                <span>
                  Alte Schönhauser Straße 3, 10119 Berlin
                </span>
              </div>
            </div>
          </div>
        </li>
        <li>
          <div
            class="segments"
          >
            <div
              class="time"
            >
               
              11:30
            </div>
            <div
              class="content"
            >
              <div
                class="icon"
              >
                <i
                  class="fab fa-avianex"
                />
              </div>
              <div
                class="desc"
              >
                <span>
                  TXL
                   
                  AIRPORT
                </span>
                <br />
                <span>
                  Terminal C
                </span>
              </div>
              <div
                class="status"
              >
                <span
                  class="time"
                >
                  Busy
                </span>
              </div>
            </div>
          </div>
        </li>
        <li
          class="destination"
        >
          <div
            class="segments"
          >
            <div
              class="time"
            >
               
              12:30
               
            </div>
            <div
              class="wrapper"
            >
              <div
                class="details"
              >
                <span
                  class="date"
                >
                  LH2031
                </span>
                <span
                  class="boarding"
                >
                  Boarding 
                  12:00
                </span>
              </div>
              <div
                class="content"
              >
                <span
                  class="src-dest"
                >
                  TXL
                   
                  <i
                    class="fas fa-plane"
                  />
                   
                  MUC
                </span>
              </div>
              <div
                class="details"
              >
                <span
                  class="date"
                >
                  Gate : 
                  C12
                </span>
                <span
                  class="seat"
                >
                  Seat : 
                  12C
                </span>
                <span
                  class="status"
                >
                  On Time
                </span>
              </div>
            </div>
          </div>
        </li>
      </ul>
    </div>
  </div>,
  "debug": [Function],
  "findAllByAltText": [Function],
  "findAllByDisplayValue": [Function],
  "findAllByLabelText": [Function],
  "findAllByPlaceholderText": [Function],
  "findAllByRole": [Function],
  "findAllByTestId": [Function],
  "findAllByText": [Function],
  "findAllByTitle": [Function],
  "findByAltText": [Function],
  "findByDisplayValue": [Function],
  "findByLabelText": [Function],
  "findByPlaceholderText": [Function],
  "findByRole": [Function],
  "findByTestId": [Function],
  "findByText": [Function],
  "findByTitle": [Function],
  "getAllByAltText": [Function],
  "getAllByDisplayValue": [Function],
  "getAllByLabelText": [Function],
  "getAllByPlaceholderText": [Function],
  "getAllByRole": [Function],
  "getAllByTestId": [Function],
  "getAllByText": [Function],
  "getAllByTitle": [Function],
  "getByAltText": [Function],
  "getByDisplayValue": [Function],
  "getByLabelText": [Function],
  "getByPlaceholderText": [Function],
  "getByRole": [Function],
  "getByTestId": [Function],
  "getByText": [Function],
  "getByTitle": [Function],
  "queryAllByAltText": [Function],
  "queryAllByDisplayValue": [Function],
  "queryAllByLabelText": [Function],
  "queryAllByPlaceholderText": [Function],
  "queryAllByRole": [Function],
  "queryAllByTestId": [Function],
  "queryAllByText": [Function],
  "queryAllByTitle": [Function],
  "queryByAltText": [Function],
  "queryByDisplayValue": [Function],
  "queryByLabelText": [Function],
  "queryByPlaceholderText": [Function],
  "queryByRole": [Function],
  "queryByTestId": [Function],
  "queryByText": [Function],
  "queryByTitle": [Function],
  "rerender": [Function],
  "unmount": [Function],
}
`;
